App.tsx(111,16): error TS2741: Property 'fonts' is missing in type '{ dark: false; colors: { primary: string; background: string; card: string; text: string; border: string; notification: string; }; }' but required in type 'Theme'.
src/navigation/TabNavigator.tsx(84,7): error TS2769: No overload matches this call.
  Overload 1 of 2, '(props: Omit<StackNavigatorProps, "children" | "id" | "layout" | "initialRouteName" | "screenListeners" | "screenOptions" | "screenLayout" | "UNSTABLE_router" | "UNSTABLE_routeNamesChangeBehavior"> & DefaultRouterOptions<...> & ({ ...; } & ({ ...; } | { ...; })), context?: any): string | ... 8 more ... | undefined', gave the following error.
    Type '{ cardStyleInterpolator: ({ current, layouts }: any) => { cardStyle: { transform: { translateX: any; }[]; opacity: any; }; }; transitionSpec: { open: { animation: string; config: { stiffness: number; damping: number; mass: number; overshootClamping: boolean; restDisplacementThreshold: number; restSpeedThreshold: num...' is not assignable to type 'StackNavigationOptions | ((props: { route: RouteProp<ParamListBase, string>; navigation: StackNavigationProp<ParamListBase, string, string | undefined>; theme: Theme; }) => StackNavigationOptions) | undefined'.
      Type '{ cardStyleInterpolator: ({ current, layouts }: any) => { cardStyle: { transform: { translateX: any; }[]; opacity: any; }; }; transitionSpec: { open: { animation: string; config: { stiffness: number; damping: number; mass: number; overshootClamping: boolean; restDisplacementThreshold: number; restSpeedThreshold: num...' is not assignable to type 'StackNavigationOptions'.
        Type '{ cardStyleInterpolator: ({ current, layouts }: any) => { cardStyle: { transform: { translateX: any; }[]; opacity: any; }; }; transitionSpec: { open: { animation: string; config: { stiffness: number; damping: number; mass: number; overshootClamping: boolean; restDisplacementThreshold: number; restSpeedThreshold: num...' is not assignable to type 'Partial<TransitionPreset>'.
          The types of 'transitionSpec.open' are incompatible between these types.
            Type '{ animation: string; config: { stiffness: number; damping: number; mass: number; overshootClamping: boolean; restDisplacementThreshold: number; restSpeedThreshold: number; }; }' is not assignable to type 'TransitionSpec'.
              Type '{ animation: string; config: { stiffness: number; damping: number; mass: number; overshootClamping: boolean; restDisplacementThreshold: number; restSpeedThreshold: number; }; }' is not assignable to type '{ animation: "timing"; config: Omit<TimingAnimationConfig, "toValue" | keyof AnimationConfig>; }'.
                Types of property 'animation' are incompatible.
                  Type 'string' is not assignable to type '"timing"'.
  Overload 2 of 2, '(props: Omit<StackNavigatorProps, "children" | "id" | "layout" | "initialRouteName" | "screenListeners" | "screenOptions" | "screenLayout" | "UNSTABLE_router" | "UNSTABLE_routeNamesChangeBehavior"> & DefaultRouterOptions<...> & ({ ...; } & ({ ...; } | { ...; }))): string | ... 8 more ... | undefined', gave the following error.
    Type '{ cardStyleInterpolator: ({ current, layouts }: any) => { cardStyle: { transform: { translateX: any; }[]; opacity: any; }; }; transitionSpec: { open: { animation: string; config: { stiffness: number; damping: number; mass: number; overshootClamping: boolean; restDisplacementThreshold: number; restSpeedThreshold: num...' is not assignable to type 'StackNavigationOptions | ((props: { route: RouteProp<ParamListBase, string>; navigation: StackNavigationProp<ParamListBase, string, string | undefined>; theme: Theme; }) => StackNavigationOptions) | undefined'.
      Type '{ cardStyleInterpolator: ({ current, layouts }: any) => { cardStyle: { transform: { translateX: any; }[]; opacity: any; }; }; transitionSpec: { open: { animation: string; config: { stiffness: number; damping: number; mass: number; overshootClamping: boolean; restDisplacementThreshold: number; restSpeedThreshold: num...' is not assignable to type 'StackNavigationOptions'.
        Type '{ cardStyleInterpolator: ({ current, layouts }: any) => { cardStyle: { transform: { translateX: any; }[]; opacity: any; }; }; transitionSpec: { open: { animation: string; config: { stiffness: number; damping: number; mass: number; overshootClamping: boolean; restDisplacementThreshold: number; restSpeedThreshold: num...' is not assignable to type 'Partial<TransitionPreset>'.
          The types of 'transitionSpec.open' are incompatible between these types.
            Type '{ animation: string; config: { stiffness: number; damping: number; mass: number; overshootClamping: boolean; restDisplacementThreshold: number; restSpeedThreshold: number; }; }' is not assignable to type 'TransitionSpec'.
              Type '{ animation: string; config: { stiffness: number; damping: number; mass: number; overshootClamping: boolean; restDisplacementThreshold: number; restSpeedThreshold: number; }; }' is not assignable to type '{ animation: "timing"; config: Omit<TimingAnimationConfig, "toValue" | keyof AnimationConfig>; }'.
                Types of property 'animation' are incompatible.
                  Type 'string' is not assignable to type '"timing"'.
